  · 429，等 0.8s 重试 (1/4)
  · 429，等 3.2s 重试 (2/4)
  · 429，等 0.8s 重试 (1/4)
  · 429，等 3.2s 重试 (2/4)
  · 429，等 12.8s 重试 (3/4)
  · 429，等 51.2s 重试 (4/4)
  · 429，等 0.8s 重试 (1/4)
  · 429，等 0.8s 重试 (1/4)
  · 429，等 3.2s 重试 (2/4)
  · 429，等 12.8s 重试 (3/4)
  · 429，等 0.8s 重试 (1/4)
  · 429，等 3.2s 重试 (2/4)
  · 429，等 12.8s 重试 (3/4)
  · 429，等 0.8s 重试 (1/4)
  · 429，等 3.2s 重试 (2/4)
  · 429，等 12.8s 重试 (3/4)
  · 429，等 0.8s 重试 (1/4)
  · 429，等 3.2s 重试 (2/4)
  · 429，等 12.8s 重试 (3/4)
  · 429，等 0.8s 重试 (1/4)
  · 429，等 3.2s 重试 (2/4)
  · 429，等 12.8s 重试 (3/4)
  · 429，等 0.8s 重试 (1/4)
  · 429，等 3.2s 重试 (2/4)
  · 429，等 12.8s 重试 (3/4)
  · 429，等 0.8s 重试 (1/4)
  · 429，等 3.2s 重试 (2/4)
  · 429，等 12.8s 重试 (3/4)
  · 429，等 0.8s 重试 (1/4)
  · 429，等 3.2s 重试 (2/4)
  · 429，等 12.8s 重试 (3/4)
  · 429，等 0.8s 重试 (1/4)
  · 429，等 3.2s 重试 (2/4)
  · 429，等 12.8s 重试 (3/4)
  · 429，等 0.8s 重试 (1/4)
  · 429，等 3.2s 重试 (2/4)
  · 429，等 12.8s 重试 (3/4)
  · 429，等 0.8s 重试 (1/4)
  · 429，等 3.2s 重试 (2/4)
  · 429，等 12.8s 重试 (3/4)
  · 429，等 0.8s 重试 (1/4)
  · 429，等 3.2s 重试 (2/4)
  · 429，等 12.8s 重试 (3/4)
  · 429，等 0.8s 重试 (1/4)
  · 429，等 3.2s 重试 (2/4)
  · 429，等 12.8s 重试 (3/4)
  · 429，等 0.8s 重试 (1/4)
  · 429，等 3.2s 重试 (2/4)
  · 429，等 12.8s 重试 (3/4)
  · 429，等 0.8s 重试 (1/4)
  · 429，等 3.2s 重试 (2/4)
  · 429，等 12.8s 重试 (3/4)
  · 429，等 0.8s 重试 (1/4)
  · 429，等 3.2s 重试 (2/4)
  · 429，等 12.8s 重试 (3/4)
  · 429，等 0.8s 重试 (1/4)
  · 429，等 3.2s 重试 (2/4)
  · 429，等 12.8s 重试 (3/4)
  · 429，等 0.8s 重试 (1/4)
  · 429，等 3.2s 重试 (2/4)
  · 429，等 12.8s 重试 (3/4)
[1/40] tower-bridge: 24 张（累计 24 张 / 17 MB）
  · 429，等 0.8s 重试 (1/4)
  · 429，等 3.2s 重试 (2/4)
  · 429，等 12.8s 重试 (3/4)
  · 429，等 0.8s 重试 (1/4)
  · 429，等 3.2s 重试 (2/4)
  · 429，等 12.8s 重试 (3/4)
  · 429，等 0.8s 重试 (1/4)
  · 429，等 3.2s 重试 (2/4)
  · 429，等 12.8s 重试 (3/4)
  · 429，等 51.2s 重试 (4/4)
  · 429，等 0.8s 重试 (1/4)
  · 429，等 3.2s 重试 (2/4)
  · 429，等 0.8s 重试 (1/4)
  · 429，等 0.8s 重试 (1/4)
  · 429，等 3.2s 重试 (2/4)
  · 429，等 12.8s 重试 (3/4)
  · 429，等 0.8s 重试 (1/4)
  · 429，等 3.2s 重试 (2/4)
  · 429，等 12.8s 重试 (3/4)
  · 429，等 0.8s 重试 (1/4)
  · 429，等 3.2s 重试 (2/4)
  · 429，等 12.8s 重试 (3/4)
  · 429，等 0.8s 重试 (1/4)
  · 429，等 3.2s 重试 (2/4)
  · 429，等 12.8s 重试 (3/4)
  · 429，等 0.8s 重试 (1/4)
  · 429，等 3.2s 重试 (2/4)
  · 429，等 12.8s 重试 (3/4)
  · 429，等 0.8s 重试 (1/4)
  · 429，等 3.2s 重试 (2/4)
  · 429，等 12.8s 重试 (3/4)
  · 429，等 0.8s 重试 (1/4)
  · 429，等 3.2s 重试 (2/4)
  · 429，等 12.8s 重试 (3/4)
  · 429，等 0.8s 重试 (1/4)
  · 429，等 3.2s 重试 (2/4)
  · 429，等 12.8s 重试 (3/4)
  · 429，等 0.8s 重试 (1/4)
  · 429，等 3.2s 重试 (2/4)
  · 429，等 12.8s 重试 (3/4)
  · 429，等 0.8s 重试 (1/4)
  · 429，等 3.2s 重试 (2/4)
  · 429，等 12.8s 重试 (3/4)
  · 429，等 0.8s 重试 (1/4)
  · 429，等 3.2s 重试 (2/4)
  · 429，等 12.8s 重试 (3/4)
  · 429，等 0.8s 重试 (1/4)
  · 429，等 3.2s 重试 (2/4)
  · 429，等 12.8s 重试 (3/4)
  · 429，等 0.8s 重试 (1/4)
  · 429，等 3.2s 重试 (2/4)
  · 429，等 12.8s 重试 (3/4)
  · 429，等 0.8s 重试 (1/4)
  · 429，等 3.2s 重试 (2/4)
  · 429，等 12.8s 重试 (3/4)
  · 429，等 0.8s 重试 (1/4)
  · 429，等 3.2s 重试 (2/4)
  · 429，等 12.8s 重试 (3/4)
  · 429，等 0.8s 重试 (1/4)
  · 429，等 3.2s 重试 (2/4)
  · 429，等 12.8s 重试 (3/4)
  · 429，等 0.8s 重试 (1/4)
  · 429，等 3.2s 重试 (2/4)
  · 429，等 12.8s 重试 (3/4)
  · 429，等 0.8s 重试 (1/4)
  · 429，等 3.2s 重试 (2/4)
  · 429，等 12.8s 重试 (3/4)
[2/40] colosseum: 24 张（累计 48 张 / 34 MB）
  · 429，等 0.8s 重试 (1/4)
  · 429，等 3.2s 重试 (2/4)
  · 429，等 12.8s 重试 (3/4)
  · 429，等 0.8s 重试 (1/4)
  · 429，等 3.2s 重试 (2/4)
  · 429，等 12.8s 重试 (3/4)
  · 429，等 0.8s 重试 (1/4)
  · 429，等 3.2s 重试 (2/4)
  · 429，等 12.8s 重试 (3/4)
  · 429，等 0.8s 重试 (1/4)
  · 429，等 3.2s 重试 (2/4)
  · 429，等 12.8s 重试 (3/4)
  · 429，等 0.8s 重试 (1/4)
  · 429，等 3.2s 重试 (2/4)
  · 429，等 12.8s 重试 (3/4)
  · 429，等 0.8s 重试 (1/4)
  · 429，等 3.2s 重试 (2/4)
  · 429，等 12.8s 重试 (3/4)
  · 429，等 0.8s 重试 (1/4)
  · 429，等 3.2s 重试 (2/4)
  · 429，等 12.8s 重试 (3/4)
  · 429，等 0.8s 重试 (1/4)
  · 429，等 3.2s 重试 (2/4)
  · 429，等 12.8s 重试 (3/4)
  · 429，等 0.8s 重试 (1/4)
  · 429，等 3.2s 重试 (2/4)
  · 429，等 12.8s 重试 (3/4)
  · 429，等 0.8s 重试 (1/4)
  · 429，等 3.2s 重试 (2/4)
  · 429，等 12.8s 重试 (3/4)
  · 429，等 0.8s 重试 (1/4)
  · 429，等 3.2s 重试 (2/4)
  · 429，等 12.8s 重试 (3/4)
  · 429，等 0.8s 重试 (1/4)
  · 429，等 3.2s 重试 (2/4)
  · 429，等 12.8s 重试 (3/4)
  · 429，等 0.8s 重试 (1/4)
  · 429，等 3.2s 重试 (2/4)
  · 429，等 12.8s 重试 (3/4)
  · 429，等 0.8s 重试 (1/4)
  · 429，等 3.2s 重试 (2/4)
  · 429，等 12.8s 重试 (3/4)
  · 429，等 0.8s 重试 (1/4)
  · 429，等 3.2s 重试 (2/4)
  · 429，等 12.8s 重试 (3/4)
  · 429，等 0.8s 重试 (1/4)
  · 429，等 3.2s 重试 (2/4)
  · 429，等 12.8s 重试 (3/4)
  · 429，等 0.8s 重试 (1/4)
  · 429，等 3.2s 重试 (2/4)
  · 429，等 12.8s 重试 (3/4)
  · 429，等 0.8s 重试 (1/4)
  · 429，等 3.2s 重试 (2/4)
  · 429，等 12.8s 重试 (3/4)
  · 429，等 0.8s 重试 (1/4)
  · 429，等 3.2s 重试 (2/4)
  · 429，等 12.8s 重试 (3/4)
  · 429，等 0.8s 重试 (1/4)
  · 429，等 3.2s 重试 (2/4)
  · 429，等 12.8s 重试 (3/4)
  · 429，等 0.8s 重试 (1/4)
  · 429，等 3.2s 重试 (2/4)
  · 429，等 12.8s 重试 (3/4)
  · 429，等 0.8s 重试 (1/4)
  · 429，等 3.2s 重试 (2/4)
  · 429，等 12.8s 重试 (3/4)
  · 429，等 0.8s 重试 (1/4)
  · 429，等 3.2s 重试 (2/4)
  · 429，等 12.8s 重试 (3/4)
  · 429，等 0.8s 重试 (1/4)
  · 429，等 3.2s 重试 (2/4)
  · 429，等 12.8s 重试 (3/4)
  · 429，等 0.8s 重试 (1/4)
  · 429，等 3.2s 重试 (2/4)
  · 429，等 12.8s 重试 (3/4)
[3/40] neuschwanstein-castle: 25 张（累计 73 张 / 51 MB）
[4/40] golden-gate-bridge: 0 张（累计 73 张 / 51 MB）
  · 429，等 0.8s 重试 (1/4)
  · 429，等 3.2s 重试 (2/4)
  · 429，等 12.8s 重试 (3/4)
  · 429，等 0.8s 重试 (1/4)
  · 429，等 3.2s 重试 (2/4)
  · 429，等 12.8s 重试 (3/4)
  · 429，等 0.8s 重试 (1/4)
  · 429，等 3.2s 重试 (2/4)
  · 429，等 12.8s 重试 (3/4)
  · 429，等 0.8s 重试 (1/4)
  · 429，等 3.2s 重试 (2/4)
  · 429，等 12.8s 重试 (3/4)
  · 429，等 0.8s 重试 (1/4)
  · 429，等 3.2s 重试 (2/4)
  · 429，等 12.8s 重试 (3/4)
  · 429，等 0.8s 重试 (1/4)
  · 429，等 3.2s 重试 (2/4)
  · 429，等 12.8s 重试 (3/4)
  · 429，等 0.8s 重试 (1/4)
  · 429，等 3.2s 重试 (2/4)
  · 429，等 12.8s 重试 (3/4)
  · 429，等 0.8s 重试 (1/4)
  · 429，等 3.2s 重试 (2/4)
  · 429，等 12.8s 重试 (3/4)
  · 429，等 0.8s 重试 (1/4)
  · 429，等 3.2s 重试 (2/4)
  · 429，等 12.8s 重试 (3/4)
  · 429，等 0.8s 重试 (1/4)
  · 429，等 3.2s 重试 (2/4)
  · 429，等 12.8s 重试 (3/4)
  · 429，等 0.8s 重试 (1/4)
  · 429，等 3.2s 重试 (2/4)
  · 429，等 12.8s 重试 (3/4)
  · 429，等 0.8s 重试 (1/4)
  · 429，等 3.2s 重试 (2/4)
  · 429，等 12.8s 重试 (3/4)
  · 429，等 0.8s 重试 (1/4)
  · 429，等 3.2s 重试 (2/4)
  · 429，等 12.8s 重试 (3/4)
  · 429，等 0.8s 重试 (1/4)
  · 429，等 3.2s 重试 (2/4)
  · 429，等 12.8s 重试 (3/4)
  · 429，等 0.8s 重试 (1/4)
  · 429，等 3.2s 重试 (2/4)
  · 429，等 12.8s 重试 (3/4)
  · 429，等 0.8s 重试 (1/4)
  · 429，等 3.2s 重试 (2/4)
  · 429，等 12.8s 重试 (3/4)
  · 429，等 0.8s 重试 (1/4)
  · 429，等 3.2s 重试 (2/4)
  · 429，等 12.8s 重试 (3/4)
  · 429，等 0.8s 重试 (1/4)
  · 429，等 3.2s 重试 (2/4)
  · 429，等 12.8s 重试 (3/4)
  · 429，等 0.8s 重试 (1/4)
  · 429，等 3.2s 重试 (2/4)
  · 429，等 12.8s 重试 (3/4)
  · 429，等 51.2s 重试 (4/4)
  · 429，等 0.8s 重试 (1/4)
  · 429，等 3.2s 重试 (2/4)
  · 429，等 0.8s 重试 (1/4)
  · 429，等 3.2s 重试 (2/4)
  · 429，等 12.8s 重试 (3/4)
  · 429，等 0.8s 重试 (1/4)
  · 429，等 3.2s 重试 (2/4)
  · 429，等 12.8s 重试 (3/4)
  · 429，等 0.8s 重试 (1/4)
  · 429，等 3.2s 重试 (2/4)
  · 429，等 12.8s 重试 (3/4)
[5/40] taj-mahal: 24 张（累计 97 张 / 67 MB）
  · 429，等 0.8s 重试 (1/4)
  · 429，等 3.2s 重试 (2/4)
  · 429，等 12.8s 重试 (3/4)
  · 429，等 0.8s 重试 (1/4)
  · 429，等 3.2s 重试 (2/4)
  · 429，等 12.8s 重试 (3/4)
  · 429，等 0.8s 重试 (1/4)
  · 429，等 3.2s 重试 (2/4)
  · 429，等 12.8s 重试 (3/4)
  · 429，等 0.8s 重试 (1/4)
  · 429，等 3.2s 重试 (2/4)
  · 429，等 12.8s 重试 (3/4)
  · 429，等 0.8s 重试 (1/4)
  · 429，等 3.2s 重试 (2/4)
  · 429，等 12.8s 重试 (3/4)
  · 429，等 0.8s 重试 (1/4)
  · 429，等 3.2s 重试 (2/4)
  · 429，等 12.8s 重试 (3/4)
  · 429，等 0.8s 重试 (1/4)
  · 429，等 3.2s 重试 (2/4)
  · 429，等 12.8s 重试 (3/4)
  · 429，等 0.8s 重试 (1/4)
  · 429，等 3.2s 重试 (2/4)
  · 429，等 12.8s 重试 (3/4)
  · 429，等 0.8s 重试 (1/4)
  · 429，等 3.2s 重试 (2/4)
  · 429，等 12.8s 重试 (3/4)
[6/40] sagrada-fam-lia: 9 张（累计 106 张 / 80 MB）
  · 429，等 0.8s 重试 (1/4)
  · 429，等 3.2s 重试 (2/4)
  · 429，等 12.8s 重试 (3/4)
  · 429，等 0.8s 重试 (1/4)
  · 429，等 3.2s 重试 (2/4)
  · 429，等 12.8s 重试 (3/4)
  · 429，等 0.8s 重试 (1/4)
  · 429，等 3.2s 重试 (2/4)
  · 429，等 12.8s 重试 (3/4)
  · 429，等 0.8s 重试 (1/4)
  · 429，等 3.2s 重试 (2/4)
  · 429，等 12.8s 重试 (3/4)
  · 429，等 0.8s 重试 (1/4)
  · 429，等 3.2s 重试 (2/4)
  · 429，等 12.8s 重试 (3/4)
  · 429，等 0.8s 重试 (1/4)
  · 429，等 3.2s 重试 (2/4)
  · 429，等 12.8s 重试 (3/4)
  · 429，等 0.8s 重试 (1/4)
  · 429，等 3.2s 重试 (2/4)
  · 429，等 12.8s 重试 (3/4)
  · 429，等 0.8s 重试 (1/4)
  · 429，等 3.2s 重试 (2/4)
  · 429，等 12.8s 重试 (3/4)
  · 429，等 0.8s 重试 (1/4)
  · 429，等 3.2s 重试 (2/4)
  · 429，等 12.8s 重试 (3/4)
  · 429，等 0.8s 重试 (1/4)
  · 429，等 3.2s 重试 (2/4)
  · 429，等 12.8s 重试 (3/4)
  · 429，等 0.8s 重试 (1/4)
  · 429，等 3.2s 重试 (2/4)
  · 429，等 12.8s 重试 (3/4)
  · 429，等 0.8s 重试 (1/4)
  · 429，等 3.2s 重试 (2/4)
  · 429，等 12.8s 重试 (3/4)
  · 429，等 0.8s 重试 (1/4)
  · 429，等 3.2s 重试 (2/4)
  · 429，等 12.8s 重试 (3/4)
  · 429，等 0.8s 重试 (1/4)
  · 429，等 3.2s 重试 (2/4)
  · 429，等 12.8s 重试 (3/4)
  · 429，等 0.8s 重试 (1/4)
  · 429，等 3.2s 重试 (2/4)
  · 429，等 12.8s 重试 (3/4)
  · 429，等 0.8s 重试 (1/4)
  · 429，等 3.2s 重试 (2/4)
  · 429，等 12.8s 重试 (3/4)
  · 429，等 0.8s 重试 (1/4)
  · 429，等 3.2s 重试 (2/4)
  · 429，等 12.8s 重试 (3/4)
  · 429，等 0.8s 重试 (1/4)
  · 429，等 3.2s 重试 (2/4)
  · 429，等 12.8s 重试 (3/4)
  · 429，等 0.8s 重试 (1/4)
  · 429，等 3.2s 重试 (2/4)
  · 429，等 12.8s 重试 (3/4)
  · 429，等 0.8s 重试 (1/4)
  · 429，等 3.2s 重试 (2/4)
  · 429，等 12.8s 重试 (3/4)
  · 429，等 0.8s 重试 (1/4)
  · 429，等 3.2s 重试 (2/4)
  · 429，等 12.8s 重试 (3/4)
  · 429，等 0.8s 重试 (1/4)
  · 429，等 3.2s 重试 (2/4)
  · 429，等 12.8s 重试 (3/4)
  · 429，等 0.8s 重试 (1/4)
  · 429，等 3.2s 重试 (2/4)
  · 429，等 12.8s 重试 (3/4)
  · 429，等 0.8s 重试 (1/4)
  · 429，等 3.2s 重试 (2/4)
  · 429，等 12.8s 重试 (3/4)
  · 429，等 0.8s 重试 (1/4)
  · 429，等 3.2s 重试 (2/4)
  · 429，等 12.8s 重试 (3/4)
[7/40] brandenburg-gate: 25 张（累计 131 张 / 94 MB）
  · 429，等 0.8s 重试 (1/4)
  · 429，等 3.2s 重试 (2/4)
  · 429，等 12.8s 重试 (3/4)
  · 429，等 0.8s 重试 (1/4)
  · 429，等 3.2s 重试 (2/4)
  · 429，等 12.8s 重试 (3/4)
  · 429，等 0.8s 重试 (1/4)
  · 429，等 3.2s 重试 (2/4)
  · 429，等 12.8s 重试 (3/4)
  · 429，等 0.8s 重试 (1/4)
  · 429，等 3.2s 重试 (2/4)
  · 429，等 12.8s 重试 (3/4)
  · 429，等 0.8s 重试 (1/4)
  · 429，等 3.2s 重试 (2/4)
  · 429，等 12.8s 重试 (3/4)
  · 429，等 0.8s 重试 (1/4)
  · 429，等 3.2s 重试 (2/4)
  · 429，等 12.8s 重试 (3/4)
  · 429，等 0.8s 重试 (1/4)
  · 429，等 3.2s 重试 (2/4)
  · 429，等 12.8s 重试 (3/4)
  · 429，等 0.8s 重试 (1/4)
  · 429，等 3.2s 重试 (2/4)
  · 429，等 12.8s 重试 (3/4)
  · 429，等 0.8s 重试 (1/4)
  · 429，等 3.2s 重试 (2/4)
  · 429，等 12.8s 重试 (3/4)
  · 429，等 0.8s 重试 (1/4)
  · 429，等 3.2s 重试 (2/4)
  · 429，等 12.8s 重试 (3/4)
  · 429，等 0.8s 重试 (1/4)
  · 429，等 3.2s 重试 (2/4)
  · 429，等 12.8s 重试 (3/4)
  · 429，等 0.8s 重试 (1/4)
  · 429，等 3.2s 重试 (2/4)
  · 429，等 12.8s 重试 (3/4)
  · 429，等 0.8s 重试 (1/4)
  · 429，等 3.2s 重试 (2/4)
  · 429，等 12.8s 重试 (3/4)
  · 429，等 0.8s 重试 (1/4)
  · 429，等 3.2s 重试 (2/4)
  · 429，等 12.8s 重试 (3/4)
  · 429，等 0.8s 重试 (1/4)
  · 429，等 3.2s 重试 (2/4)
  · 429，等 12.8s 重试 (3/4)
  · 429，等 0.8s 重试 (1/4)
  · 429，等 3.2s 重试 (2/4)
  · 429，等 12.8s 重试 (3/4)
  · 429，等 0.8s 重试 (1/4)
  · 429，等 3.2s 重试 (2/4)
  · 429，等 12.8s 重试 (3/4)
  · 429，等 0.8s 重试 (1/4)
  · 429，等 3.2s 重试 (2/4)
  · 429，等 12.8s 重试 (3/4)
  · 429，等 0.8s 重试 (1/4)
  · 429，等 3.2s 重试 (2/4)
  · 429，等 12.8s 重试 (3/4)
  · 429，等 0.8s 重试 (1/4)
  · 429，等 3.2s 重试 (2/4)
  · 429，等 12.8s 重试 (3/4)
  · 429，等 0.8s 重试 (1/4)
  · 429，等 3.2s 重试 (2/4)
  · 429，等 12.8s 重试 (3/4)
  · 429，等 0.8s 重试 (1/4)
  · 429，等 3.2s 重试 (2/4)
  · 429，等 12.8s 重试 (3/4)
  · 429，等 0.8s 重试 (1/4)
  · 429，等 3.2s 重试 (2/4)
  · 429，等 12.8s 重试 (3/4)
