[0b] 库规模=1000 评估参考图=50 每张样本=10 TOP_K=20 seed=1
[0b] 词汇树参数 = vocab 模块默认 branching=10 depth=4
[0b] 生成 1000 张合成图，耗时 0.9s
[0b] 提取 ORB 完成 6.2s，平均 300.0 个/张
[0b] 描述子库 11.5 MB
[0b] 词汇树训练抽样 120000 / 300000 个描述子（抽样训练是词袋标准做法，但与 Task 11 全量训练有差异）
[0b] 词汇树训练完成 5.3s，词数 10000
[0b]   量化并入索引 200/1000（1.6s）
[0b]   量化并入索引 400/1000（3.2s）
[0b]   量化并入索引 600/1000（4.9s）
[0b]   量化并入索引 800/1000（6.5s）
[0b]   量化并入索引 1000/1000（8.1s）
[0b] 索引构建完成 8.3s，n_docs=1000

[0b] 粗排召回率（500 次探测，耗时 19.7s）
[0b]   Recall@1   = 88.00%  (440/500)
[0b]   Recall@5   = 94.20%  (471/500)
[0b]   Recall@10  = 95.40%  (477/500)
[0b]   Recall@20  = 96.00%  (480/500)

[0b] 两阶段端到端：
样本总数    500
正确命中       474   94.80%  （目标 >= 95%）
误识别           0   0.000%  （目标 <= 0.1%）
漏检            26    5.20%
P95 延迟    66.8 ms  （达标）
结论        未达标
[0b] 评估耗时 45.1s（90 ms/查询）

[0b] 暴力对照（10 张参考 x 3 样本，耗时 78.3s）：
[0b]   正确 30/30  误识别 0  漏检 0
[0b]   同一子集两阶段（耗时 2.6s）：正确 30/30  误识别 0  漏检 0
[0b]   -> 粗排在该子集上是无损的

[0b] 全脚本耗时 166.4s
[0b] 判读：正确命中率 94.80% < 95% 但误识别为 0 且粗排召回充足，问题在精排/判定。
