=== simcam 遮挡与视角扫描 2026-08-04 ===
参考图 local/photos/wedding-01.jpg (708x468)  背景 local/photos/_inbox/1000000003.jpg (真实桌面)

--- A) 四角遮挡阶梯，repeat=3（与 backend.py 那张表同口径）---
$ python bench/simcam.py local/photos/wedding-01.jpg --scene local/photos/_inbox/1000000003.jpg --occlude 0,0.02,0.05,0.10 --occlude-corners 4
参考图 local/photos/wedding-01.jpg  708x468  特征 300 个  预处理 none
判定门槛 MIN_INLIERS=40  查询侧特征 4000  中心裁剪 1.00  发帧长边 1280  查询尺度 1280


── 遮挡 0%／角 × 4 角 （照片面积的 0%）──
    占比      照片像素宽                    inliers     过门槛    全过
  1.00       1280                106 157 149       是     是
  0.90       1152                102 179 163       是     是
  0.80       1024                100 186 155       是     是
  0.70        896                101 180 182       是     是
  0.60        768                 90 207 201       是     是
  0.50        640                 85 205 200       是     是
  0.40        512                 64 138 149       是     是

── 遮挡 2%／角 × 4 角 （照片面积的 8%）──
    占比      照片像素宽                    inliers     过门槛    全过
  1.00       1280                106 155 147       是     是
  0.90       1152                100 175 163       是     是
  0.80       1024                 98 181 153       是     是
  0.70        896                 99 181 182       是     是
  0.60        768                 97 205 183       是     是
  0.50        640                 80 211 198       是     是
  0.40        512                 62 139 144       是     是

── 遮挡 5%／角 × 4 角 （照片面积的 20%）──
    占比      照片像素宽                    inliers     过门槛    全过
  1.00       1280                100 127 118       是     是
  0.90       1152                 93 145 128       是     是
  0.80       1024                100 152 131       是     是
  0.70        896                 89 152 152       是     是
  0.60        768                 90 179 166       是     是
  0.50        640                 78 177 167       是     是
  0.40        512                 62 119 122       是     是

── 遮挡 10%／角 × 4 角 （照片面积的 40%）──
    占比      照片像素宽                    inliers     过门槛    全过
  1.00       1280                 65 102  92       是     是
  0.90       1152                 47 114  90       是     是
  0.80       1024                 63 118 104       是     是
  0.70        896                 31 120 112       是     否
  0.60        768                 34 142 126       是     否
  0.50        640                 36 139 128       是     否
  0.40        512                 28  98  98       是     否

遮挡 0%／角：最小可用占比 ≈ 0.40（至少一个角度过）／ 0.4（所有角度都过）
遮挡 2%／角：最小可用占比 ≈ 0.40（至少一个角度过）／ 0.4（所有角度都过）
遮挡 5%／角：最小可用占比 ≈ 0.40（至少一个角度过）／ 0.4（所有角度都过）
遮挡 10%／角：最小可用占比 ≈ 0.40（至少一个角度过）／ 0.8（所有角度都过）

遮挡 2%／角：最小全过占比 0.40 → 0.40（照片得再靠近 1.00 倍）
遮挡 5%／角：最小全过占比 0.40 → 0.40（照片得再靠近 1.00 倍）
遮挡 10%／角：最小全过占比 0.40 → 0.80（照片得再靠近 2.00 倍）

--- B) 视角分布，repeat=20（暴露 repeat=3 的虚假精度）---
$ python bench/simcam.py local/photos/wedding-01.jpg --scene local/photos/_inbox/1000000003.jpg --fill 0.5,0.4 --repeat 20 --occlude 0,0.05
参考图 local/photos/wedding-01.jpg  708x468  特征 300 个  预处理 none
判定门槛 MIN_INLIERS=40  查询侧特征 4000  中心裁剪 1.00  发帧长边 1280  查询尺度 1280


── 遮挡 0%／角 × 4 角 （照片面积的 0%）──
    占比      照片像素宽                    inliers     过门槛    全过
  0.50        640  85 205 200 111  64 146 138 130 142  96 177 149  39  79 100 146 101 155 129 186       是     否
  0.40        512  64 138 149  53  46 111 105 102 104  85 123 132  39  50  79 111  54 125  97 150       是     否

── 遮挡 5%／角 × 4 角 （照片面积的 20%）──
    占比      照片像素宽                    inliers     过门槛    全过
  0.50        640  78 177 167  88  71 117 126 134  95  53 155 120  42  76  99 117  96 132 107 158       是     是
  0.40        512  62 119 122  55  34  83  94  98  87  48 110  96  31  39  72  83  60 112  93 131       是     否

遮挡 0%／角：最小可用占比 ≈ 0.40（至少一个角度过）／ —（所有角度都过）
遮挡 5%／角：最小可用占比 ≈ 0.40（至少一个角度过）／ 0.5（所有角度都过）

对照组（第一档）本身就不全过，遮挡的代价无从对照 —— 先换一张图。
