[scan] 29740 行：库内 20000，库外 9740
[scan] 归类表 149 对（来自 /home/xyz/photoar-data/fp.json，覆盖 MIN_INLIERS=25 RATIO=1.5 下的假阳性对）

[scan] 当前阈值 MIN_INLIERS=40 RATIO=1.5 下的分布（库内 95.70% 命中 / 4.29% 漏检；库外 3.963% 误识别）：
[scan]   库内真阳性                   19141 条  内点数 p5=71 p25=112 中位=142 p75=172 p95=210  ratio 中位=15.50 p5=3.85  无次优=0%
[scan]   库内漏检                      857 条  内点数 p5=6 p25=8 中位=9 p75=19 p95=38  ratio 中位=1.14 p5=1.00  无次优=3%
[scan]   库内误识别                       2 条  内点数 p5=53 p25=59 中位=66 p75=74 p95=80  ratio 中位=3.64 p5=3.23  无次优=0%
[scan]   库外假阳性                     386 条  内点数 p5=41 p25=46 中位=52 p75=60 p95=78  ratio 中位=4.32 p5=1.56  无次优=0%
[scan]   库外正确拒绝                   9354 条  内点数 p5=7 p25=8 中位=9 p75=9 p95=31  ratio 中位=1.12 p5=1.00  无次优=0%
[scan] 库外假阳性按成因拆开：
[scan]     能几何对上但不该混淆              344 条  内点数 p5=41 p25=45 中位=51 p75=58 p95=70  ratio 中位=4.44 p5=1.58  无次优=0%
[scan]     漏掉的近重复                   42 条  内点数 p5=43 p25=52 中位=63 p75=84 p95=95  ratio 中位=1.93 p5=1.51  无次优=0%
[scan] ✅ 交叉校验：MIN_INLIERS=25 RATIO=1.5 下录到的 149 对假阳性与 /home/xyz/photoar-data/fp.json 的对集逐对相同（录制确实复现了那次 eval）

[scan] 内点数分布的可分性：
[scan]   内点数：真阳性下界 40（p5=71.00）  vs  假阳性上界 98（p95=77.50）
[scan]     要靠 内点数 单独清掉全部假阳性，门槛需 > 98，代价 3105/19141（16.2%）的真阳性变漏检
[scan]   ratio：真阳性下界 1.51（p5=3.85）  vs  假阳性上界 9.50（p95=7.22）
[scan]     要靠 ratio 单独清掉全部假阳性，门槛需 > 9.50，代价 3676/19141（19.2%）的真阳性变漏检
[scan]   只看真实误识别（同一被摄物体的不同照片是语料属性，不该拿来定阈值）。这 34 条是 MIN_INLIERS=25 RATIO=1.5 下归类出来的，当前阈值下还剩 0 条：
[scan]   内点数：真阳性下界 40（p5=71.00）  vs  假阳性上界 39（p95=36.00）
[scan]     要靠 内点数 单独清掉全部假阳性，门槛需 > 39，代价 0/19141（0.0%）的真阳性变漏检
[scan]   ratio：真阳性下界 1.51（p5=3.85）  vs  假阳性上界 4.25（p95=3.86）
[scan]     要靠 ratio 单独清掉全部假阳性，门槛需 > 4.25，代价 1123/19141（5.9%）的真阳性变漏检

[scan] 阈值网格重放（8×6 个组合，每个都是对同一批 29740 次查询的精确重算，不是插值）
[scan]  MIN RATIO |  库内命中  库内误识    漏检 |  库外误识  其中真实 | 达标
[scan]   15   1.0 |   96.78%   0.090%   3.13% |  12.495%   2.864%? | 
[scan]   15   1.2 |   96.78%   0.075%   3.15% |  10.626%   2.053%? | 
[scan]   15   1.5 |   96.74%   0.060%   3.20% |   8.604%   1.407%? | 
[scan]   15   2.0 |   96.31%   0.040%   3.65% |   6.725%   0.975%? | 
[scan]   15   2.5 |   95.14%   0.015%   4.85% |   5.390%   0.452%? | 
[scan]   15   3.0 |   93.77%   0.010%   6.22% |   4.497%   0.205%? | 
[scan]   20   1.0 |   96.62%   0.075%   3.31% |  11.427%   2.064%? | 
[scan]   20   1.2 |   96.62%   0.065%   3.31% |   9.661%   1.345%? | 
[scan]   20   1.5 |   96.58%   0.050%   3.37% |   7.782%   0.821%? | 
[scan]   20   2.0 |   96.16%   0.040%   3.80% |   6.283%   0.678%? | 
[scan]   20   2.5 |   95.05%   0.015%   4.93% |   5.359%   0.431%? | 
[scan]   20   3.0 |   93.75%   0.010%   6.25% |   4.497%   0.205%? | 
[scan]   25   1.0 |   96.46%   0.055%   3.48% |  10.318%   1.386%? | 
[scan]   25   1.2 |   96.46%   0.050%   3.49% |   8.717%   0.770%? | 
[scan]   25   1.5 |   96.42%   0.035%   3.55% |   6.951%   0.349%  | 
[scan]   25   2.0 |   96.00%   0.025%   3.98% |   5.534%   0.287%  | 
[scan]   25   2.5 |   94.92%   0.010%   5.08% |   4.949%   0.257%  | 
[scan]   25   3.0 |   93.64%   0.010%   6.35% |   4.374%   0.175%  | 
[scan]   30   1.0 |   96.25%   0.035%   3.71% |   8.799%   0.852%? | 
[scan]   30   1.2 |   96.25%   0.030%   3.72% |   7.444%   0.370%? | 
[scan]   30   1.5 |   96.21%   0.015%   3.77% |   5.914%   0.092%  | 真实✅
[scan]   30   2.0 |   95.80%   0.010%   4.20% |   4.610%   0.072%  | 真实✅
[scan]   30   2.5 |   94.71%   0.010%   5.28% |   4.138%   0.072%  | 
[scan]   30   3.0 |   93.47%   0.010%   6.52% |   3.809%   0.051%  | 
[scan]   35   1.0 |   96.05%   0.035%   3.92% |   7.382%   0.657%? | 
[scan]   35   1.2 |   96.05%   0.030%   3.92% |   6.222%   0.257%? | 
[scan]   35   1.5 |   96.00%   0.015%   3.98% |   4.867%   0.041%  | 真实✅
[scan]   35   2.0 |   95.59%   0.010%   4.40% |   3.676%   0.031%  | 真实✅
[scan]   35   2.5 |   94.51%   0.010%   5.48% |   3.275%   0.031%  | 
[scan]   35   3.0 |   93.27%   0.010%   6.71% |   3.018%   0.021%  | 
[scan]   40   1.0 |   95.75%   0.025%   4.23% |   6.232%   0.554%? | 
[scan]   40   1.2 |   95.75%   0.020%   4.23% |   5.205%   0.175%? | 
[scan]   40   1.5 |   95.70%   0.010%   4.29% |   3.963%   0.000%  | 真实✅  <- 当前
[scan]   40   2.0 |   95.29%   0.010%   4.70% |   2.947%   0.000%  | 真实✅
[scan]   40   2.5 |   94.21%   0.010%   5.78% |   2.598%   0.000%  | 
[scan]   40   3.0 |   92.97%   0.010%   7.02% |   2.382%   0.000%  | 
[scan]   50   1.0 |   94.77%   0.015%   5.21% |   4.014%   0.400%? | 
[scan]   50   1.2 |   94.77%   0.015%   5.21% |   3.285%   0.113%? | 
[scan]   50   1.5 |   94.73%   0.010%   5.26% |   2.402%   0.000%  | 
[scan]   50   2.0 |   94.32%   0.010%   5.67% |   1.663%   0.000%  | 
[scan]   50   2.5 |   93.25%   0.010%   6.74% |   1.427%   0.000%  | 
[scan]   50   3.0 |   92.02%   0.010%   7.97% |   1.304%   0.000%  | 
[scan]   60   1.0 |   93.42%   0.010%   6.57% |   2.033%   0.359%? | 
[scan]   60   1.2 |   93.42%   0.010%   6.57% |   1.530%   0.092%? | 
[scan]   60   1.5 |   93.39%   0.005%   6.60% |   1.006%   0.000%  | 
[scan]   60   2.0 |   93.00%   0.005%   7.00% |   0.575%   0.000%  | 
[scan]   60   2.5 |   91.94%   0.005%   8.05% |   0.462%   0.000%  | 
[scan]   60   3.0 |   90.75%   0.005%   9.25% |   0.390%   0.000%  | 
[scan] `?` = 这一行含未归类的假阳性对（阈值比 fp.json 那次松），「其中真实」已按最坏情况把它们全算成真实误识别

[scan] RATIO=1.5 上按 1 细扫（可行窗口 MIN_INLIERS ∈ [40, 47]，宽 8 档）：
[scan]  MIN | 真实误识别(条) | 库内命中    漏检 | 库外总误识
[scan]   36 |             4 |   95.94%   4.05% |    4.692%
[scan]   37 |             1 |   95.91%   4.08% |    4.425%
[scan]   38 |             1 |   95.86%   4.13% |    4.281%
[scan]   39 |             1 |   95.77%   4.22% |    4.127%
[scan]   40 |             0 |   95.70%   4.29% |    3.963%  <- 下界：真实误识别归零
[scan]   41 |             0 |   95.62%   4.38% |    3.799%
[scan]   42 |             0 |   95.54%   4.45% |    3.655%
[scan]   43 |             0 |   95.44%   4.55% |    3.511%
[scan]   44 |             0 |   95.36%   4.62% |    3.337%
[scan]   45 |             0 |   95.23%   4.75% |    3.142%
[scan]   46 |             0 |   95.12%   4.87% |    3.008%
[scan]   47 |             0 |   95.02%   4.98% |    2.906%  <- 上界：再高一档命中率就跌破 95%
[scan]   48 |             0 |   94.90%   5.09% |    2.823%  ❌ 命中率不达标
[scan]   49 |             0 |   94.82%   5.17% |    2.680%  ❌ 命中率不达标
[scan]   50 |             0 |   94.73%   5.26% |    2.402%  ❌ 命中率不达标

[scan] 结论：可行域 6/48 个点。按 §14.2「一律牺牲漏检率保误识别率」排序（真实误识别升序，命中率降序）：
[scan]   MIN_INLIERS=40  RATIO=1.5 真实误识别  0.000%  库内命中 95.70%  漏检 4.29%  库外总误识 3.963%
[scan]   MIN_INLIERS=40  RATIO=2.0 真实误识别  0.000%  库内命中 95.29%  漏检 4.70%  库外总误识 2.947%
[scan]   MIN_INLIERS=35  RATIO=2.0 真实误识别  0.031%  库内命中 95.59%  漏检 4.40%  库外总误识 3.676%
[scan]   MIN_INLIERS=35  RATIO=1.5 真实误识别  0.041%  库内命中 96.00%  漏检 3.98%  库外总误识 4.867%
[scan]   MIN_INLIERS=30  RATIO=2.0 真实误识别  0.072%  库内命中 95.80%  漏检 4.20%  库外总误识 4.610%
[scan]   MIN_INLIERS=30  RATIO=1.5 真实误识别  0.092%  库内命中 96.21%  漏检 3.77%  库外总误识 5.914%
[scan] 推荐 MIN_INLIERS=40 RATIO=1.5：真实误识别 0.000%（当前 0.000%）、库内命中 95.70%（当前 95.70%，代价 0.00%）
[scan] 网格 -> /home/xyz/photoar-data/grid.json
